2025-10-19T15:35:13+00:00 INFO Automatic database update triggered.
2025-10-19T15:35:13+00:00 INFO Automatic database update triggered.
2025-10-19T15:35:13+00:00 INFO Scheduling database updates (from 7.5.0 to 10.2.2)...
2025-10-19T15:35:13+00:00 INFO Scheduling database updates (from 7.5.0 to 10.2.2)...
2025-10-19T15:35:14+00:00 INFO   Updates from version 7.7.0 scheduled.
2025-10-19T15:35:14+00:00 INFO   Updates from version 7.7.0 scheduled.
2025-10-19T15:35:14+00:00 INFO   Updates from version 7.9.0 scheduled.
2025-10-19T15:35:14+00:00 INFO   Updates from version 7.9.0 scheduled.
2025-10-19T15:35:14+00:00 INFO   Updates from version 8.1.0 scheduled.
2025-10-19T15:35:14+00:00 INFO   Updates from version 8.1.0 scheduled.
2025-10-19T15:35:15+00:00 INFO   Updates from version 8.3.0 scheduled.
2025-10-19T15:35:15+00:00 INFO   Updates from version 8.3.0 scheduled.
2025-10-19T15:35:15+00:00 INFO   Updates from version 8.6.0 scheduled.
2025-10-19T15:35:15+00:00 INFO   Updates from version 8.6.0 scheduled.
2025-10-19T15:35:16+00:00 INFO   Updates from version 8.7.0 scheduled.
2025-10-19T15:35:16+00:00 INFO   Updates from version 8.7.0 scheduled.
2025-10-19T15:35:16+00:00 INFO   Updates from version 8.9.0 scheduled.
2025-10-19T15:35:17+00:00 INFO   Updates from version 8.9.0 scheduled.
2025-10-19T15:35:17+00:00 INFO   Updates from version 8.9.1 scheduled.
2025-10-19T15:35:17+00:00 INFO   Updates from version 8.9.1 scheduled.
2025-10-19T15:35:18+00:00 INFO   Updates from version 9.1.0 scheduled.
2025-10-19T15:35:18+00:00 INFO   Updates from version 9.1.0 scheduled.
2025-10-19T15:35:18+00:00 INFO   Updates from version 9.2.0 scheduled.
2025-10-19T15:35:18+00:00 INFO   Updates from version 9.2.0 scheduled.
2025-10-19T15:35:19+00:00 INFO   Updates from version 9.3.0 scheduled.
2025-10-19T15:35:19+00:00 INFO   Updates from version 9.3.0 scheduled.
2025-10-19T15:35:19+00:00 INFO   Updates from version 9.4.0 scheduled.
2025-10-19T15:35:19+00:00 INFO   Updates from version 9.4.0 scheduled.
2025-10-19T15:35:20+00:00 INFO   Updates from version 9.5.0 scheduled.
2025-10-19T15:35:20+00:00 INFO   Updates from version 9.5.0 scheduled.
2025-10-19T15:35:20+00:00 INFO   Updates from version 9.6.1 scheduled.
2025-10-19T15:35:20+00:00 INFO   Updates from version 9.6.1 scheduled.
2025-10-19T15:35:20+00:00 INFO   Updates from version 9.8.0 scheduled.
2025-10-19T15:35:20+00:00 INFO   Updates from version 9.8.0 scheduled.
2025-10-19T15:35:21+00:00 INFO   Updates from version 9.8.5 scheduled.
2025-10-19T15:35:21+00:00 INFO   Updates from version 9.8.5 scheduled.
2025-10-19T15:35:22+00:00 INFO   Updates from version 9.9.0 scheduled.
2025-10-19T15:35:22+00:00 INFO   Updates from version 9.9.0 scheduled.
2025-10-19T15:35:22+00:00 INFO   Updates from version 10.0.0 scheduled.
2025-10-19T15:35:22+00:00 INFO   Updates from version 10.0.0 scheduled.
2025-10-19T15:35:23+00:00 INFO   Updates from version 10.2.0 scheduled.
2025-10-19T15:35:23+00:00 INFO   Updates from version 10.2.0 scheduled.
2025-10-19T15:35:23+00:00 INFO Database updates scheduled.
2025-10-19T15:35:23+00:00 INFO Database updates scheduled.
2025-10-19T15:38:03+00:00 INFO During the update to 9.1.0, WooCommerce removed 1 user meta row associated with the meta keys "_last_order", "_order_count" or "_money_spent".
2025-10-19T15:38:04+00:00 INFO During the update to 9.1.0, WooCommerce removed 0 user meta rows associated with the meta keys "_last_order", "_order_count" or "_money_spent".
2025-10-19T15:40:52+00:00 INFO During the update to 9.4.0, WooCommerce removed 0 user meta rows associated with the meta key "woocommerce_admin_help_panel_highlight_shown".
2025-10-19T15:40:53+00:00 INFO During the update to 9.4.0, WooCommerce removed 0 user meta rows associated with the meta key "woocommerce_admin_help_panel_highlight_shown".
